
> samefield_sports@0.0.0 build
> vite build

[36mvite v7.3.0 [32mbuilding client environment for production...[36m[39m
transforming...
[32mΓ£ô[39m 41 modules transformed.
node.exe : [31mΓ£ù[39m Build 
failed in 705ms
At line:1 char:1
+ & "C:\Program 
Files\nodejs/node.exe" 
"C:\Program 
Files\nodejs/node_mo ...
+ ~~~~~~~~~~~~~~~~~~~~~~~~~~~~~
~~~~~~~~~~~~~~~~~~~~~~~~~~~~~~~
~~~~~~~~~
    + CategoryInfo          :  
   NotSpecified: ([31mΓ£ù[3  
  9m Build failed in 705ms:S   
 tring) [], RemoteException
    + FullyQualifiedErrorId :  
   NativeCommandError
 
[31merror during build:
[31mCould not resolve 
"../components/TopFansWidget" 
from "src/pages/Home.jsx"[31m
file: [36mC:/Users/hp/.gemini/
antigravity/scratch/samefield_s
ports/src/pages/Home.jsx[31m
    at getRollupError (file:///
C:/Users/hp/.gemini/antigravity
/scratch/samefield_sports/node_
modules/rollup/dist/es/shared/p
arseAst.js:401:41)
    at error (file:///C:/Users/
hp/.gemini/antigravity/scratch/
samefield_sports/node_modules/r
ollup/dist/es/shared/parseAst.j
s:397:42)
    at ModuleLoader.handleInval
idResolvedId (file:///C:/Users/
hp/.gemini/antigravity/scratch/
samefield_sports/node_modules/r
ollup/dist/es/shared/node-entry
.js:21633:24)
    at file:///C:/Users/hp/.gem
ini/antigravity/scratch/samefie
ld_sports/node_modules/rollup/d
ist/es/shared/node-entry.js:215
93:26[39m
